// Jest Snapshot v1, https://goo.gl/fbAQLP

exports[`When unconnected EliminationPage first renders EliminationPage renders as expected 1`] = `
ShallowWrapper {
  Symbol(enzyme.__root__): [Circular],
  Symbol(enzyme.__unrendered__): <EliminationPage
    characters={
      Array [
        Object {
          "hadTurn": false,
          "id": "foo$id1",
          "imageUrl": "foo$Image",
          "isEliminated": Object {
            "check": false,
            "whenEliminated": null,
          },
          "points": 20,
          "roundRatings": Object {
            "rowFour": Object {
              "points": 5,
              "rowId": "foo$id1-row-four",
            },
            "rowOne": Object {
              "points": 5,
              "rowId": "foo$id1-row-one",
            },
            "rowThree": Object {
              "points": 5,
              "rowId": "foo$id1-row-three",
            },
            "rowTwo": Object {
              "points": 5,
              "rowId": "foo$id1-row-two",
            },
          },
        },
        Object {
          "hadTurn": false,
          "id": "foo$id2",
          "imageUrl": "foo$Image",
          "isEliminated": Object {
            "check": true,
            "whenEliminated": 0,
          },
          "points": 4,
          "roundRatings": Object {
            "rowFour": Object {
              "points": 1,
              "rowId": "foo$id2-row-four",
            },
            "rowOne": Object {
              "points": 1,
              "rowId": "foo$id2-row-one",
            },
            "rowThree": Object {
              "points": 1,
              "rowId": "foo$id2-row-three",
            },
            "rowTwo": Object {
              "points": 1,
              "rowId": "foo$id2-row-two",
            },
          },
        },
        Object {
          "hadTurn": false,
          "id": "foo$id3",
          "imageUrl": "foo$Image",
          "isEliminated": Object {
            "check": true,
            "whenEliminated": 1,
          },
          "points": 8,
          "roundRatings": Object {
            "rowFour": Object {
              "points": 2,
              "rowId": "foo$id3-row-four",
            },
            "rowOne": Object {
              "points": 2,
              "rowId": "foo$id3-row-one",
            },
            "rowThree": Object {
              "points": 2,
              "rowId": "foo$id3-row-three",
            },
            "rowTwo": Object {
              "points": 2,
              "rowId": "foo$id3-row-two",
            },
          },
        },
        Object {
          "hadTurn": false,
          "id": "foo$id4",
          "imageUrl": "foo$Image",
          "isEliminated": Object {
            "check": true,
            "whenEliminated": 2,
          },
          "points": 13,
          "roundRatings": Object {
            "rowFour": Object {
              "points": 3,
              "rowId": "foo$id3-row-four",
            },
            "rowOne": Object {
              "points": 3,
              "rowId": "foo$id3-row-one",
            },
            "rowThree": Object {
              "points": 3,
              "rowId": "foo$id3-row-three",
            },
            "rowTwo": Object {
              "points": 4,
              "rowId": "foo$id3-row-two",
            },
          },
        },
      ]
    }
    players={3}
  />,
  Symbol(enzyme.__renderer__): Object {
    "batchedUpdates": [Function],
    "getNode": [Function],
    "render": [Function],
    "simulateError": [Function],
    "simulateEvent": [Function],
    "unmount": [Function],
  },
  Symbol(enzyme.__node__): Object {
    "instance": null,
    "key": undefined,
    "nodeType": "function",
    "props": Object {
      "children": Array [
        <main>
          <h1>
            ELIMINATED!!
          </h1>
          <div>
            <img
              alt="The most recent losing competitor"
              src="foo$Image"
            />
          </div>
          <Link
            onClick={null}
            replace={false}
            to="/finals"
          >
            <submitButton>
              On to the finals!
            </submitButton>
          </Link>
        </main>,
        <section>
          <h5>
            ~ The Other Losers ~
          </h5>
          <img
            alt="a losing competitor"
            src="foo$Image"
          />
          <img
            alt="a losing competitor"
            src="foo$Image"
          />
        </section>,
      ],
    },
    "ref": null,
    "rendered": Array [
      Object {
        "instance": null,
        "key": undefined,
        "nodeType": "host",
        "props": Object {
          "children": Array [
            <h1>
              ELIMINATED!!
            </h1>,
            <div>
              <img
                alt="The most recent losing competitor"
                src="foo$Image"
              />
            </div>,
            <Link
              onClick={null}
              replace={false}
              to="/finals"
            >
              <submitButton>
                On to the finals!
              </submitButton>
            </Link>,
          ],
          "className": undefined,
        },
        "ref": null,
        "rendered": Array [
          Object {
            "instance": null,
            "key": undefined,
            "nodeType": "host",
            "props": Object {
              "children": "ELIMINATED!!",
              "className": undefined,
            },
            "ref": null,
            "rendered": "ELIMINATED!!",
            "type": "h1",
          },
          Object {
            "instance": null,
            "key": undefined,
            "nodeType": "host",
            "props": Object {
              "children": Array [
                <img
                  alt="The most recent losing competitor"
                  src="foo$Image"
                />,
              ],
              "className": undefined,
            },
            "ref": null,
            "rendered": Array [
              Object {
                "instance": null,
                "key": "foo$id4",
                "nodeType": "host",
                "props": Object {
                  "alt": "The most recent losing competitor",
                  "className": undefined,
                  "src": "foo$Image",
                },
                "ref": null,
                "rendered": null,
                "type": "img",
              },
            ],
            "type": "div",
          },
          Object {
            "instance": null,
            "key": undefined,
            "nodeType": "class",
            "props": Object {
              "children": <submitButton>
                On to the finals!
              </submitButton>,
              "onClick": null,
              "replace": false,
              "to": "/finals",
            },
            "ref": null,
            "rendered": Object {
              "instance": null,
              "key": undefined,
              "nodeType": "function",
              "props": Object {
                "children": "On to the finals!",
              },
              "ref": null,
              "rendered": "On to the finals!",
              "type": [Function],
            },
            "type": [Function],
          },
        ],
        "type": "main",
      },
      Object {
        "instance": null,
        "key": undefined,
        "nodeType": "host",
        "props": Object {
          "children": Array [
            <h5>
              ~ The Other Losers ~
            </h5>,
            Array [
              <img
                alt="a losing competitor"
                src="foo$Image"
              />,
              <img
                alt="a losing competitor"
                src="foo$Image"
              />,
            ],
          ],
          "className": undefined,
        },
        "ref": null,
        "rendered": Array [
          Object {
            "instance": null,
            "key": undefined,
            "nodeType": "host",
            "props": Object {
              "children": "~ The Other Losers ~",
              "className": undefined,
            },
            "ref": null,
            "rendered": "~ The Other Losers ~",
            "type": "h5",
          },
          Object {
            "instance": null,
            "key": "foo$id2",
            "nodeType": "host",
            "props": Object {
              "alt": "a losing competitor",
              "className": undefined,
              "src": "foo$Image",
            },
            "ref": null,
            "rendered": null,
            "type": "img",
          },
          Object {
            "instance": null,
            "key": "foo$id3",
            "nodeType": "host",
            "props": Object {
              "alt": "a losing competitor",
              "className": undefined,
              "src": "foo$Image",
            },
            "ref": null,
            "rendered": null,
            "type": "img",
          },
        ],
        "type": "section",
      },
    ],
    "type": Symbol(react.fragment),
  },
  Symbol(enzyme.__nodes__): Array [
    Object {
      "instance": null,
      "key": undefined,
      "nodeType": "function",
      "props": Object {
        "children": Array [
          <main>
            <h1>
              ELIMINATED!!
            </h1>
            <div>
              <img
                alt="The most recent losing competitor"
                src="foo$Image"
              />
            </div>
            <Link
              onClick={null}
              replace={false}
              to="/finals"
            >
              <submitButton>
                On to the finals!
              </submitButton>
            </Link>
          </main>,
          <section>
            <h5>
              ~ The Other Losers ~
            </h5>
            <img
              alt="a losing competitor"
              src="foo$Image"
            />
            <img
              alt="a losing competitor"
              src="foo$Image"
            />
          </section>,
        ],
      },
      "ref": null,
      "rendered": Array [
        Object {
          "instance": null,
          "key": undefined,
          "nodeType": "host",
          "props": Object {
            "children": Array [
              <h1>
                ELIMINATED!!
              </h1>,
              <div>
                <img
                  alt="The most recent losing competitor"
                  src="foo$Image"
                />
              </div>,
              <Link
                onClick={null}
                replace={false}
                to="/finals"
              >
                <submitButton>
                  On to the finals!
                </submitButton>
              </Link>,
            ],
            "className": undefined,
          },
          "ref": null,
          "rendered": Array [
            Object {
              "instance": null,
              "key": undefined,
              "nodeType": "host",
              "props": Object {
                "children": "ELIMINATED!!",
                "className": undefined,
              },
              "ref": null,
              "rendered": "ELIMINATED!!",
              "type": "h1",
            },
            Object {
              "instance": null,
              "key": undefined,
              "nodeType": "host",
              "props": Object {
                "children": Array [
                  <img
                    alt="The most recent losing competitor"
                    src="foo$Image"
                  />,
                ],
                "className": undefined,
              },
              "ref": null,
              "rendered": Array [
                Object {
                  "instance": null,
                  "key": "foo$id4",
                  "nodeType": "host",
                  "props": Object {
                    "alt": "The most recent losing competitor",
                    "className": undefined,
                    "src": "foo$Image",
                  },
                  "ref": null,
                  "rendered": null,
                  "type": "img",
                },
              ],
              "type": "div",
            },
            Object {
              "instance": null,
              "key": undefined,
              "nodeType": "class",
              "props": Object {
                "children": <submitButton>
                  On to the finals!
                </submitButton>,
                "onClick": null,
                "replace": false,
                "to": "/finals",
              },
              "ref": null,
              "rendered": Object {
                "instance": null,
                "key": undefined,
                "nodeType": "function",
                "props": Object {
                  "children": "On to the finals!",
                },
                "ref": null,
                "rendered": "On to the finals!",
                "type": [Function],
              },
              "type": [Function],
            },
          ],
          "type": "main",
        },
        Object {
          "instance": null,
          "key": undefined,
          "nodeType": "host",
          "props": Object {
            "children": Array [
              <h5>
                ~ The Other Losers ~
              </h5>,
              Array [
                <img
                  alt="a losing competitor"
                  src="foo$Image"
                />,
                <img
                  alt="a losing competitor"
                  src="foo$Image"
                />,
              ],
            ],
            "className": undefined,
          },
          "ref": null,
          "rendered": Array [
            Object {
              "instance": null,
              "key": undefined,
              "nodeType": "host",
              "props": Object {
                "children": "~ The Other Losers ~",
                "className": undefined,
              },
              "ref": null,
              "rendered": "~ The Other Losers ~",
              "type": "h5",
            },
            Object {
              "instance": null,
              "key": "foo$id2",
              "nodeType": "host",
              "props": Object {
                "alt": "a losing competitor",
                "className": undefined,
                "src": "foo$Image",
              },
              "ref": null,
              "rendered": null,
              "type": "img",
            },
            Object {
              "instance": null,
              "key": "foo$id3",
              "nodeType": "host",
              "props": Object {
                "alt": "a losing competitor",
                "className": undefined,
                "src": "foo$Image",
              },
              "ref": null,
              "rendered": null,
              "type": "img",
            },
          ],
          "type": "section",
        },
      ],
      "type": Symbol(react.fragment),
    },
  ],
  Symbol(enzyme.__options__): Object {
    "adapter": ReactSixteenAdapter {
      "options": Object {
        "enableComponentDidUpdateOnSetState": true,
        "lifecycles": Object {
          "componentDidUpdate": Object {
            "onSetState": true,
          },
          "getDerivedStateFromProps": true,
          "getSnapshotBeforeUpdate": true,
          "setState": Object {
            "skipsComponentDidUpdateOnNullish": true,
          },
        },
      },
    },
    "disableLifecycleMethods": true,
  },
}
`;
