// Jest Snapshot v1, https://goo.gl/fbAQLP

exports[`When unconnected component first renders RatingRow renders as expected 1`] = `
ShallowWrapper {
  Symbol(enzyme.__root__): [Circular],
  Symbol(enzyme.__unrendered__): <RatingRow
    character={
      Object {
        "id": "foo$id3",
      }
    }
    players={4}
  />,
  Symbol(enzyme.__renderer__): Object {
    "batchedUpdates": [Function],
    "getNode": [Function],
    "render": [Function],
    "simulateError": [Function],
    "simulateEvent": [Function],
    "unmount": [Function],
  },
  Symbol(enzyme.__node__): Object {
    "instance": null,
    "key": undefined,
    "nodeType": "host",
    "props": Object {
      "children": Array [
        <ratingButton
          clicked={[Function]}
        >
          1
        </ratingButton>,
        <ratingButton
          clicked={[Function]}
        >
          2
        </ratingButton>,
        <ratingButton
          clicked={[Function]}
        >
          3
        </ratingButton>,
        <ratingButton
          clicked={[Function]}
        >
          4
        </ratingButton>,
        <ratingButton
          clicked={[Function]}
        >
          5
        </ratingButton>,
      ],
      "className": undefined,
      "id": undefined,
    },
    "ref": null,
    "rendered": Array [
      Object {
        "instance": null,
        "key": "0",
        "nodeType": "function",
        "props": Object {
          "children": 1,
          "chosen": undefined,
          "clicked": [Function],
          "quality": undefined,
        },
        "ref": null,
        "rendered": 1,
        "type": [Function],
      },
      Object {
        "instance": null,
        "key": "1",
        "nodeType": "function",
        "props": Object {
          "children": 2,
          "chosen": undefined,
          "clicked": [Function],
          "quality": undefined,
        },
        "ref": null,
        "rendered": 2,
        "type": [Function],
      },
      Object {
        "instance": null,
        "key": "2",
        "nodeType": "function",
        "props": Object {
          "children": 3,
          "chosen": undefined,
          "clicked": [Function],
          "quality": undefined,
        },
        "ref": null,
        "rendered": 3,
        "type": [Function],
      },
      Object {
        "instance": null,
        "key": "3",
        "nodeType": "function",
        "props": Object {
          "children": 4,
          "chosen": undefined,
          "clicked": [Function],
          "quality": undefined,
        },
        "ref": null,
        "rendered": 4,
        "type": [Function],
      },
      Object {
        "instance": null,
        "key": "4",
        "nodeType": "function",
        "props": Object {
          "children": 5,
          "chosen": undefined,
          "clicked": [Function],
          "quality": undefined,
        },
        "ref": null,
        "rendered": 5,
        "type": [Function],
      },
    ],
    "type": "div",
  },
  Symbol(enzyme.__nodes__): Array [
    Object {
      "instance": null,
      "key": undefined,
      "nodeType": "host",
      "props": Object {
        "children": Array [
          <ratingButton
            clicked={[Function]}
          >
            1
          </ratingButton>,
          <ratingButton
            clicked={[Function]}
          >
            2
          </ratingButton>,
          <ratingButton
            clicked={[Function]}
          >
            3
          </ratingButton>,
          <ratingButton
            clicked={[Function]}
          >
            4
          </ratingButton>,
          <ratingButton
            clicked={[Function]}
          >
            5
          </ratingButton>,
        ],
        "className": undefined,
        "id": undefined,
      },
      "ref": null,
      "rendered": Array [
        Object {
          "instance": null,
          "key": "0",
          "nodeType": "function",
          "props": Object {
            "children": 1,
            "chosen": undefined,
            "clicked": [Function],
            "quality": undefined,
          },
          "ref": null,
          "rendered": 1,
          "type": [Function],
        },
        Object {
          "instance": null,
          "key": "1",
          "nodeType": "function",
          "props": Object {
            "children": 2,
            "chosen": undefined,
            "clicked": [Function],
            "quality": undefined,
          },
          "ref": null,
          "rendered": 2,
          "type": [Function],
        },
        Object {
          "instance": null,
          "key": "2",
          "nodeType": "function",
          "props": Object {
            "children": 3,
            "chosen": undefined,
            "clicked": [Function],
            "quality": undefined,
          },
          "ref": null,
          "rendered": 3,
          "type": [Function],
        },
        Object {
          "instance": null,
          "key": "3",
          "nodeType": "function",
          "props": Object {
            "children": 4,
            "chosen": undefined,
            "clicked": [Function],
            "quality": undefined,
          },
          "ref": null,
          "rendered": 4,
          "type": [Function],
        },
        Object {
          "instance": null,
          "key": "4",
          "nodeType": "function",
          "props": Object {
            "children": 5,
            "chosen": undefined,
            "clicked": [Function],
            "quality": undefined,
          },
          "ref": null,
          "rendered": 5,
          "type": [Function],
        },
      ],
      "type": "div",
    },
  ],
  Symbol(enzyme.__options__): Object {
    "adapter": ReactSixteenAdapter {
      "options": Object {
        "enableComponentDidUpdateOnSetState": true,
        "lifecycles": Object {
          "componentDidUpdate": Object {
            "onSetState": true,
          },
          "getDerivedStateFromProps": true,
          "getSnapshotBeforeUpdate": true,
          "setState": Object {
            "skipsComponentDidUpdateOnNullish": true,
          },
        },
      },
    },
    "disableLifecycleMethods": true,
  },
}
`;
